// Jest Snapshot v1, https://goo.gl/fbAQLP

exports[`Snapshot Cases  1`] = `
initialize {
  "0": Object {
    "attribs": Object {
      "class": "wayo-lath",
      "data-server-rendered": "true",
    },
    "children": Array [
      Object {
        "data": "",
        "next": Object {
          "data": " ",
          "next": Object {
            "data": "",
            "next": Object {
              "data": "  ",
              "next": Object {
                "data": "",
                "next": null,
                "parent": [Circular],
                "prev": [Circular],
                "type": "comment",
              },
              "parent": [Circular],
              "prev": [Circular],
              "type": "text",
            },
            "parent": [Circular],
            "prev": [Circular],
            "type": "comment",
          },
          "parent": [Circular],
          "prev": [Circular],
          "type": "text",
        },
        "parent": [Circular],
        "prev": null,
        "type": "comment",
      },
      Object {
        "data": " ",
        "next": Object {
          "data": "",
          "next": Object {
            "data": "  ",
            "next": Object {
              "data": "",
              "next": null,
              "parent": [Circular],
              "prev": [Circular],
              "type": "comment",
            },
            "parent": [Circular],
            "prev": [Circular],
            "type": "text",
          },
          "parent": [Circular],
          "prev": [Circular],
          "type": "comment",
        },
        "parent": [Circular],
        "prev": Object {
          "data": "",
          "next": [Circular],
          "parent": [Circular],
          "prev": null,
          "type": "comment",
        },
        "type": "text",
      },
      Object {
        "data": "",
        "next": Object {
          "data": "  ",
          "next": Object {
            "data": "",
            "next": null,
            "parent": [Circular],
            "prev": [Circular],
            "type": "comment",
          },
          "parent": [Circular],
          "prev": [Circular],
          "type": "text",
        },
        "parent": [Circular],
        "prev": Object {
          "data": " ",
          "next": [Circular],
          "parent": [Circular],
          "prev": Object {
            "data": "",
            "next": [Circular],
            "parent": [Circular],
            "prev": null,
            "type": "comment",
          },
          "type": "text",
        },
        "type": "comment",
      },
      Object {
        "data": "  ",
        "next": Object {
          "data": "",
          "next": null,
          "parent": [Circular],
          "prev": [Circular],
          "type": "comment",
        },
        "parent": [Circular],
        "prev": Object {
          "data": "",
          "next": [Circular],
          "parent": [Circular],
          "prev": Object {
            "data": " ",
            "next": [Circular],
            "parent": [Circular],
            "prev": Object {
              "data": "",
              "next": [Circular],
              "parent": [Circular],
              "prev": null,
              "type": "comment",
            },
            "type": "text",
          },
          "type": "comment",
        },
        "type": "text",
      },
      Object {
        "data": "",
        "next": null,
        "parent": [Circular],
        "prev": Object {
          "data": "  ",
          "next": [Circular],
          "parent": [Circular],
          "prev": Object {
            "data": "",
            "next": [Circular],
            "parent": [Circular],
            "prev": Object {
              "data": " ",
              "next": [Circular],
              "parent": [Circular],
              "prev": Object {
                "data": "",
                "next": [Circular],
                "parent": [Circular],
                "prev": null,
                "type": "comment",
              },
              "type": "text",
            },
            "type": "comment",
          },
          "type": "text",
        },
        "type": "comment",
      },
    ],
    "name": "div",
    "namespace": "http://www.w3.org/1999/xhtml",
    "next": null,
    "parent": null,
    "prev": null,
    "root": Object {
      "attribs": Object {},
      "children": Array [
        [Circular],
      ],
      "name": "root",
      "namespace": "http://www.w3.org/1999/xhtml",
      "next": null,
      "parent": null,
      "prev": null,
      "type": "root",
      "x-attribsNamespace": Object {},
      "x-attribsPrefix": Object {},
    },
    "type": "tag",
    "x-attribsNamespace": Object {
      "class": undefined,
      "data-server-rendered": undefined,
    },
    "x-attribsPrefix": Object {
      "class": undefined,
      "data-server-rendered": undefined,
    },
  },
  "_root": [Circular],
  "length": 1,
  "options": Object {
    "decodeEntities": true,
    "normalizeWhitespace": false,
    "withDomLvl1": true,
    "xml": false,
  },
}
`;
